

================================================================
== Vivado HLS Report for 'exp_generic_double_s'
================================================================
* Date:           Sat Apr 20 22:09:12 2024

* Version:        2018.2 (Build 2258646 on Thu Jun 14 20:25:20 MDT 2018)
* Project:        FaceClassifier
* Solution:       solution1
* Product family: virtexu
* Target device:  xcvu160-flgc2104-2-e


================================================================
== Performance Estimates
================================================================
+ Timing (ns): 
    * Summary: 
    +--------+-------+----------+------------+
    |  Clock | Target| Estimated| Uncertainty|
    +--------+-------+----------+------------+
    |ap_clk  |  10.00|     8.685|        1.25|
    +--------+-------+----------+------------+

+ Latency (clock cycles): 
    * Summary: 
    +-----+-----+-----+-----+----------+
    |  Latency  |  Interval | Pipeline |
    | min | max | min | max |   Type   |
    +-----+-----+-----+-----+----------+
    |    6|    6|    1|    1| function |
    +-----+-----+-----+-----+----------+

    + Detail: 
        * Instance: 
        N/A

        * Loop: 
        N/A



================================================================
== Utilization Estimates
================================================================
* Summary: 
+---------------------+---------+-------+---------+--------+
|         Name        | BRAM_18K| DSP48E|    FF   |   LUT  |
+---------------------+---------+-------+---------+--------+
|DSP                  |        -|      1|        -|       -|
|Expression           |        -|     33|        0|    2407|
|FIFO                 |        -|      -|        -|       -|
|Instance             |        -|      -|        -|       -|
|Memory               |        5|      -|        0|       0|
|Multiplexer          |        -|      -|        -|       -|
|Register             |        0|      -|     1244|     256|
+---------------------+---------+-------+---------+--------+
|Total                |        5|     34|     1244|    2663|
+---------------------+---------+-------+---------+--------+
|Available SLR        |     2184|    520|   617600|  308800|
+---------------------+---------+-------+---------+--------+
|Utilization SLR (%)  |    ~0   |      6|    ~0   |   ~0   |
+---------------------+---------+-------+---------+--------+
|Available            |     6552|   1560|  1852800|  926400|
+---------------------+---------+-------+---------+--------+
|Utilization (%)      |    ~0   |      2|    ~0   |   ~0   |
+---------------------+---------+-------+---------+--------+

+ Detail: 
    * Instance: 
    N/A

    * DSP48: 
    +--------------------------+----------------------+--------------+
    |         Instance         |        Module        |  Expression  |
    +--------------------------+----------------------+--------------+
    |face_classifier_cpcA_U69  |face_classifier_cpcA  | i0 * i1 + i2 |
    +--------------------------+----------------------+--------------+

    * Memory: 
    +------------------------+----------------------+---------+---+----+------+-----+------+-------------+
    |         Memory         |        Module        | BRAM_18K| FF| LUT| Words| Bits| Banks| W*Bits*Banks|
    +------------------------+----------------------+---------+---+----+------+-----+------+-------------+
    |table_exp_Z1_array_s_U  |exp_generic_doublmb6  |        2|  0|   0|   256|   58|     1|        14848|
    |table_f_Z3_array_V_U    |exp_generic_doublncg  |        1|  0|   0|   256|   26|     1|         6656|
    |table_f_Z2_array_V_U    |exp_generic_doublocq  |        2|  0|   0|   256|   42|     1|        10752|
    +------------------------+----------------------+---------+---+----+------+-----+------+-------------+
    |Total                   |                      |        5|  0|   0|   768|  126|     3|        32256|
    +------------------------+----------------------+---------+---+----+------+-----+------+-------------+

    * FIFO: 
    N/A

    * Expression: 
    +-------------------------------+----------+-------+---+-----+------------+------------+
    |         Variable Name         | Operation| DSP48E| FF| LUT | Bitwidth P0| Bitwidth P1|
    +-------------------------------+----------+-------+---+-----+------------+------------+
    |p_Val2_13_fu_842_p2            |     *    |      6|  0|   21|          50|          50|
    |p_Val2_18_fu_694_p2            |     *    |      6|  0|   22|          36|          43|
    |p_Val2_23_fu_766_p2            |     *    |      6|  0|   20|          44|          49|
    |p_Val2_9_fu_564_p2             |     *    |     15|  0|   73|          71|          13|
    |m_exp_fu_319_p2                |     +    |      0|  0|   19|          11|          12|
    |out_exp_V_fu_962_p2            |     +    |      0|  0|   18|          10|          11|
    |p_Val2_12_fu_860_p2            |     +    |      0|  0|   66|           5|          59|
    |p_Val2_14_fu_877_p2            |     +    |      0|  0|  115|         108|         108|
    |p_Val2_20_fu_733_p2            |     +    |      0|  0|   51|          44|          44|
    |p_Val2_24_fu_808_p2            |     +    |      0|  0|   59|          52|          52|
    |r_V_1_fu_671_p2                |     +    |      0|  0|   43|          36|          36|
    |r_exp_V_fu_891_p2              |     +    |      0|  0|   20|           2|          13|
    |tmp6_fu_799_p2                 |     +    |      0|  0|   51|          44|          44|
    |tmp_21_fu_499_p2               |     +    |      0|  0|   20|           1|          13|
    |tmp_fu_724_p2                  |     +    |      0|  0|   43|          36|          36|
    |p_Val2_7_fu_594_p2             |     -    |      0|  0|   80|          73|          73|
    |p_Val2_s_83_fu_333_p2          |     -    |      0|  0|   61|           1|          54|
    |tmp_s_fu_367_p2                |     -    |      0|  0|   18|          10|          11|
    |ap_block_pp0_stage0_11001      |    and   |      0|  0|    2|           1|           1|
    |not_demorgan_fu_297_p2         |    and   |      0|  0|    2|           1|           1|
    |sel_tmp11_fu_1061_p2           |    and   |      0|  0|    2|           1|           1|
    |sel_tmp13_fu_1078_p2           |    and   |      0|  0|    2|           1|           1|
    |sel_tmp2_fu_989_p2             |    and   |      0|  0|    2|           1|           1|
    |sel_tmp4_fu_1022_p2            |    and   |      0|  0|    2|           1|           1|
    |sel_tmp6_fu_1033_p2            |    and   |      0|  0|    2|           1|           1|
    |sel_tmp7_fu_994_p2             |    and   |      0|  0|    2|           1|           1|
    |sel_tmp9_fu_1043_p2            |    and   |      0|  0|    2|           1|           1|
    |tmp10_fu_1067_p2               |    and   |      0|  0|    2|           1|           1|
    |tmp11_fu_1100_p2               |    and   |      0|  0|    2|           1|           1|
    |tmp7_fu_983_p2                 |    and   |      0|  0|    2|           1|           1|
    |tmp8_fu_1016_p2                |    and   |      0|  0|    2|           1|           1|
    |tmp9_fu_1055_p2                |    and   |      0|  0|    2|           1|           1|
    |tmp_40_fu_1159_p2              |    and   |      0|  0|    2|           1|           1|
    |tmp_54_i_fu_309_p2             |    and   |      0|  0|    2|           1|           1|
    |x_is_ninf_fu_853_p2            |    and   |      0|  0|    2|           1|           1|
    |tmp_128_fu_397_p2              |   ashr   |      0|  0|  176|          61|          61|
    |tmp_133_fu_441_p2              |   ashr   |      0|  0|  182|          64|          64|
    |icmp_fu_913_p2                 |   icmp   |      0|  0|    9|           3|           1|
    |tmp_136_fu_493_p2              |   icmp   |      0|  0|   20|          18|           1|
    |tmp_144_fu_521_p2              |   icmp   |      0|  0|   13|          12|           1|
    |tmp_145_fu_527_p2              |   icmp   |      0|  0|   50|          71|          71|
    |tmp_146_fu_924_p2              |   icmp   |      0|  0|   13|          13|          11|
    |tmp_i1_fu_303_p2               |   icmp   |      0|  0|   29|          52|           1|
    |tmp_i_82_fu_291_p2             |   icmp   |      0|  0|   29|          52|           1|
    |tmp_i_fu_285_p2                |   icmp   |      0|  0|   13|          11|           2|
    |ap_block_pp0_stage0_subdone    |    or    |      0|  0|    2|           1|           1|
    |or_cond_fu_919_p2              |    or    |      0|  0|    2|           1|           1|
    |sel_tmp10_fu_1049_p2           |    or    |      0|  0|    2|           1|           1|
    |sel_tmp15_fu_1094_p2           |    or    |      0|  0|    2|           1|           1|
    |sel_tmp16_fu_1153_p2           |    or    |      0|  0|    2|           1|           1|
    |sel_tmp44_demorgan_fu_1083_p2  |    or    |      0|  0|    2|           1|           1|
    |sel_tmp_fu_1005_p2             |    or    |      0|  0|    2|           1|           1|
    |tmp_35_fu_1118_p2              |    or    |      0|  0|    2|           1|           1|
    |tmp_38_fu_1139_p2              |    or    |      0|  0|    2|           1|           1|
    |ap_return                      |  select  |      0|  0|   64|           1|           1|
    |loc_V_4_fu_950_p3              |  select  |      0|  0|   52|           1|          52|
    |p_Val2_1_fu_339_p3             |  select  |      0|  0|   54|           1|          54|
    |p_Val2_3_fu_413_p3             |  select  |      0|  0|   71|           1|          71|
    |r_exp_V_2_fu_896_p3            |  select  |      0|  0|   13|           1|          13|
    |r_exp_V_3_fu_553_p3            |  select  |      0|  0|   13|           1|          13|
    |sh_assign_1_fu_377_p3          |  select  |      0|  0|   12|           1|          12|
    |tmp_1_fu_505_p3                |  select  |      0|  0|   64|           1|          64|
    |tmp_22_fu_548_p3               |  select  |      0|  0|   13|           1|          13|
    |tmp_34_fu_1110_p3              |  select  |      0|  0|   63|           1|          63|
    |tmp_36_fu_1123_p3              |  select  |      0|  0|   64|           1|          64|
    |tmp_37_fu_1131_p3              |  select  |      0|  0|   63|           1|          63|
    |tmp_39_fu_1145_p3              |  select  |      0|  0|   64|           1|          64|
    |tmp_129_fu_407_p2              |    shl   |      0|  0|  211|          71|          71|
    |tmp_132_fu_435_p2              |    shl   |      0|  0|  182|          64|          64|
    |ap_enable_pp0                  |    xor   |      0|  0|    2|           1|           2|
    |not_Result_i4_fu_848_p2        |    xor   |      0|  0|    2|           1|           2|
    |sel_tmp12_fu_1072_p2           |    xor   |      0|  0|    2|           1|           2|
    |sel_tmp14_fu_1088_p2           |    xor   |      0|  0|    2|           1|           2|
    |sel_tmp1_fu_978_p2             |    xor   |      0|  0|    2|           1|           2|
    |sel_tmp3_fu_1010_p2            |    xor   |      0|  0|    2|           1|           2|
    |sel_tmp5_fu_1028_p2            |    xor   |      0|  0|    2|           1|           2|
    |sel_tmp8_fu_1038_p2            |    xor   |      0|  0|    2|           1|           2|
    |tmp_54_i_not_fu_1000_p2        |    xor   |      0|  0|    2|           1|           2|
    +-------------------------------+----------+-------+---+-----+------------+------------+
    |Total                          |          |     33|  0| 2407|        1174|        1661|
    +-------------------------------+----------+-------+---+-----+------------+------------+

    * Multiplexer: 
    N/A

    * Register: 
    +------------------------------------+-----+----+-----+-----------+
    |                Name                |  FF | LUT| Bits| Const Bits|
    +------------------------------------+-----+----+-----+-----------+
    |ap_CS_fsm                           |    1|   0|    1|          0|
    |ap_enable_reg_pp0_iter1             |    1|   0|    1|          0|
    |ap_enable_reg_pp0_iter2             |    1|   0|    1|          0|
    |ap_enable_reg_pp0_iter3             |    1|   0|    1|          0|
    |ap_enable_reg_pp0_iter4             |    1|   0|    1|          0|
    |ap_enable_reg_pp0_iter5             |    1|   0|    1|          0|
    |ap_enable_reg_pp0_iter6             |    1|   0|    1|          0|
    |m_diff_hi_V_reg_1259                |    8|   0|    8|          0|
    |m_diff_hi_V_reg_1259_pp0_iter3_reg  |    8|   0|    8|          0|
    |not_demorgan_reg_1190               |    1|   0|    1|          0|
    |p_Result_s_reg_1183                 |    1|   0|    1|          0|
    |p_Val2_11_reg_1276                  |   35|   0|   35|          0|
    |p_Val2_13_reg_1336                  |  100|   0|  100|          0|
    |p_Val2_17_reg_1271                  |    8|   0|    8|          0|
    |p_Val2_20_reg_1316                  |   44|   0|   44|          0|
    |p_Val2_22_reg_1264                  |    8|   0|    8|          0|
    |p_Val2_25_reg_1331                  |   58|   0|   58|          0|
    |p_Val2_3_reg_1203                   |   71|   0|   71|          0|
    |p_Val2_3_reg_1203_pp0_iter1_reg     |   71|   0|   71|          0|
    |r_V_1_reg_1291                      |   36|   0|   36|          0|
    |r_V_reg_1208                        |   31|   0|   31|          0|
    |r_exp_V_3_reg_1248                  |   13|   0|   13|          0|
    |tmp_135_i_reg_1296                  |   34|   0|   43|          9|
    |tmp_136_reg_1219                    |    1|   0|    1|          0|
    |tmp_144_reg_1229                    |    1|   0|    1|          0|
    |tmp_145_reg_1237                    |    1|   0|    1|          0|
    |tmp_156_reg_1242                    |    1|   0|    1|          0|
    |tmp_20_reg_1213                     |   13|   0|   13|          0|
    |tmp_21_reg_1224                     |   13|   0|   13|          0|
    |tmp_2_reg_1254                      |   71|   0|   71|          0|
    |tmp_3_reg_1301                      |   20|   0|   20|          0|
    |tmp_4_reg_1321                      |   40|   0|   40|          0|
    |tmp_54_i_reg_1196                   |    1|   0|    1|          0|
    |tmp_5_reg_1326                      |   36|   0|   36|          0|
    |not_demorgan_reg_1190               |   64|  32|    1|          0|
    |p_Result_s_reg_1183                 |   64|  32|    1|          0|
    |p_Val2_22_reg_1264                  |   64|  32|    8|          0|
    |r_exp_V_3_reg_1248                  |   64|  32|   13|          0|
    |tmp_144_reg_1229                    |   64|  32|    1|          0|
    |tmp_145_reg_1237                    |   64|  32|    1|          0|
    |tmp_156_reg_1242                    |   64|  32|    1|          0|
    |tmp_54_i_reg_1196                   |   64|  32|    1|          0|
    +------------------------------------+-----+----+-----+-----------+
    |Total                               | 1244| 256|  768|          9|
    +------------------------------------+-----+----+-----+-----------+



================================================================
== Interface
================================================================
* Summary: 
+-----------+-----+-----+------------+---------------------+--------------+
| RTL Ports | Dir | Bits|  Protocol  |    Source Object    |    C Type    |
+-----------+-----+-----+------------+---------------------+--------------+
|ap_clk     |  in |    1| ap_ctrl_hs | exp_generic<double> | return value |
|ap_rst     |  in |    1| ap_ctrl_hs | exp_generic<double> | return value |
|ap_start   |  in |    1| ap_ctrl_hs | exp_generic<double> | return value |
|ap_done    | out |    1| ap_ctrl_hs | exp_generic<double> | return value |
|ap_idle    | out |    1| ap_ctrl_hs | exp_generic<double> | return value |
|ap_ready   | out |    1| ap_ctrl_hs | exp_generic<double> | return value |
|ap_ce      |  in |    1| ap_ctrl_hs | exp_generic<double> | return value |
|ap_return  | out |   64| ap_ctrl_hs | exp_generic<double> | return value |
|x          |  in |   64|   ap_none  |          x          |    scalar    |
+-----------+-----+-----+------------+---------------------+--------------+

