

================================================================
== Vivado HLS Report for 'k2c_dot'
================================================================
* Date:           Sun Apr 21 02:42:45 2024

* Version:        2018.2 (Build 2258646 on Thu Jun 14 20:25:20 MDT 2018)
* Project:        FaceClassifier
* Solution:       solution1
* Product family: virtexu
* Target device:  xcvu160-flgc2104-2-e


================================================================
== Performance Estimates
================================================================
+ Timing (ns): 
    * Summary: 
    +--------+-------+----------+------------+
    |  Clock | Target| Estimated| Uncertainty|
    +--------+-------+----------+------------+
    |ap_clk  |  10.00|     8.539|        1.25|
    +--------+-------+----------+------------+

+ Latency (clock cycles): 
    * Summary: 
    +-----+-------------+-----+-------------+---------+
    |      Latency      |      Interval     | Pipeline|
    | min |     max     | min |     max     |   Type  |
    +-----+-------------+-----+-------------+---------+
    |  268|  72147251016|  268|  72147251016|   none  |
    +-----+-------------+-----+-------------+---------+

    + Detail: 
        * Instance: 
        +------------------------+-------------+-----+-----+-----+-----+---------+
        |                        |             |  Latency  |  Interval | Pipeline|
        |        Instance        |    Module   | min | max | min | max |   Type  |
        +------------------------+-------------+-----+-----+-----+-----+---------+
        |grp_k2c_idx2sub_fu_669  |k2c_idx2sub  |   70|  346|   70|  346|   none  |
        |grp_k2c_sub2idx_fu_680  |k2c_sub2idx  |    6|   66|    6|   66|   none  |
        +------------------------+-------------+-----+-----+-----+-----+---------+

        * Loop: 
        +--------------+-----+-------------+------------+-----------+-----------+-------------+----------+
        |              |      Latency      |  Iteration |  Initiation Interval  |     Trip    |          |
        |   Loop Name  | min |     max     |   Latency  |  achieved |   target  |    Count    | Pipelined|
        +--------------+-----+-------------+------------+-----------+-----------+-------------+----------+
        |- Loop 1      |    1|            2|           1|          -|          -|    1 ~ 2    |    no    |
        |- Loop 2      |    1|            2|           1|          -|          -|    1 ~ 2    |    no    |
        |- Loop 3      |    1|            5|           2|          1|          1|    1 ~ 5    |    yes   |
        |- Loop 4      |    1|            5|           1|          1|          1|    1 ~ 5    |    yes   |
        |- Loop 5      |    1|            5|           2|          1|          1|    1 ~ 5    |    yes   |
        |- Loop 6      |    2|            3|           3|          1|          1|    1 ~ 2    |    yes   |
        |- Loop 7      |    2|            3|           3|          1|          1|    1 ~ 2    |    yes   |
        |- Loop 8      |   83|      1109106|  83 ~ 423  |          -|          -|   1 ~ 2622  |    no    |
        | + Loop 8.1   |    2|            6|           3|          1|          1|    1 ~ 5    |    yes   |
        |- Loop 9      |   83|      1109106|  83 ~ 423  |          -|          -|   1 ~ 2622  |    no    |
        | + Loop 9.1   |    2|            6|           3|          1|          1|    1 ~ 5    |    yes   |
        |- Loop 10     |   10|  72145032696| 10 ~ 10494 |          -|          -| 1 ~ 6874884 |    no    |
        | + Loop 10.1  |    7|        10491|           8|          4|          1|   1 ~ 2622  |    yes   |
        +--------------+-----+-------------+------------+-----------+-----------+-------------+----------+



================================================================
== Utilization Estimates
================================================================
* Summary: 
+---------------------+---------+-------+---------+--------+
|         Name        | BRAM_18K| DSP48E|    FF   |   LUT  |
+---------------------+---------+-------+---------+--------+
|DSP                  |        -|      3|        -|       -|
|Expression           |        -|     10|        0|    1679|
|FIFO                 |        -|      -|        -|       -|
|Instance             |        -|     15|    19783|   15189|
|Memory               |        0|      -|     1024|      40|
|Multiplexer          |        -|      -|        -|    1288|
|Register             |        -|      -|     1904|       -|
+---------------------+---------+-------+---------+--------+
|Total                |        0|     28|    22711|   18196|
+---------------------+---------+-------+---------+--------+
|Available SLR        |     2184|    520|   617600|  308800|
+---------------------+---------+-------+---------+--------+
|Utilization SLR (%)  |        0|      5|        3|       5|
+---------------------+---------+-------+---------+--------+
|Available            |     6552|   1560|  1852800|  926400|
+---------------------+---------+-------+---------+--------+
|Utilization (%)      |        0|      1|        1|       1|
+---------------------+---------+-------+---------+--------+

+ Detail: 
    * Instance: 
    +--------------------------+----------------------+---------+-------+-------+-------+
    |         Instance         |        Module        | BRAM_18K| DSP48E|   FF  |  LUT  |
    +--------------------------+----------------------+---------+-------+-------+-------+
    |face_classifier_cdEe_U90  |face_classifier_cdEe  |        0|      2|    227|    214|
    |face_classifier_ceOg_U91  |face_classifier_ceOg  |        0|      3|    128|    135|
    |face_classifier_cfYi_U92  |face_classifier_cfYi  |        0|      0|    779|    469|
    |face_classifier_cvdy_U93  |face_classifier_cvdy  |        0|      0|    779|    469|
    |grp_k2c_idx2sub_fu_669    |k2c_idx2sub           |        0|      0|  17532|  13588|
    |grp_k2c_sub2idx_fu_680    |k2c_sub2idx           |        0|     10|    338|    314|
    +--------------------------+----------------------+---------+-------+-------+-------+
    |Total                     |                      |        0|     15|  19783|  15189|
    +--------------------------+----------------------+---------+-------+-------+-------+

    * DSP48: 
    +--------------------------+----------------------+--------------+
    |         Instance         |        Module        |  Expression  |
    +--------------------------+----------------------+--------------+
    |face_classifier_chbi_U94  |face_classifier_chbi  | i0 + i1 * i2 |
    |face_classifier_cwdI_U95  |face_classifier_cwdI  |    i0 * i1   |
    |face_classifier_cxdS_U96  |face_classifier_cxdS  | i0 * i1 + i2 |
    +--------------------------+----------------------+--------------+

    * Memory: 
    +-----------+-----------------+---------+-----+----+------+-----+------+-------------+
    |   Memory  |      Module     | BRAM_18K|  FF | LUT| Words| Bits| Banks| W*Bits*Banks|
    +-----------+-----------------+---------+-----+----+------+-----+------+-------------+
    |permA_U    |k2c_dot_1_permA  |        0|  128|   5|     5|   64|     1|          320|
    |permB_U    |k2c_dot_1_permA  |        0|  128|   5|     5|   64|     1|          320|
    |freeA_U    |k2c_dot_1_permA  |        0|  128|   5|     5|   64|     1|          320|
    |freeB_U    |k2c_dot_1_permA  |        0|  128|   5|     5|   64|     1|          320|
    |newshpA_U  |k2c_dot_1_permA  |        0|  128|   5|     5|   64|     1|          320|
    |newshpB_U  |k2c_dot_1_permA  |        0|  128|   5|     5|   64|     1|          320|
    |Asub_U     |k2c_dot_1_permA  |        0|  128|   5|     5|   64|     1|          320|
    |Bsub_U     |k2c_dot_1_permA  |        0|  128|   5|     5|   64|     1|          320|
    +-----------+-----------------+---------+-----+----+------+-----+------+-------------+
    |Total      |                 |        0| 1024|  40|    40|  512|     8|         2560|
    +-----------+-----------------+---------+-----+----+------+-----+------+-------------+

    * FIFO: 
    N/A

    * Expression: 
    +-------------------------------+----------+-------+---+-----+------------+------------+
    |         Variable Name         | Operation| DSP48E| FF| LUT | Bitwidth P0| Bitwidth P1|
    +-------------------------------+----------+-------+---+-----+------------+------------+
    |bound_fu_945_p2                |     *    |     10|  0|   45|          64|          64|
    |count_6_fu_727_p2              |     +    |      0|  0|   71|          64|           1|
    |count_7_fu_764_p2              |     +    |      0|  0|   71|          64|           1|
    |i_26_fu_712_p2                 |     +    |      0|  0|   71|          64|           1|
    |i_28_fu_748_p2                 |     +    |      0|  0|   71|          64|           1|
    |i_29_cast_fu_805_p2            |     +    |      0|  0|   11|           2|           3|
    |i_29_fu_800_p2                 |     +    |      0|  0|   71|           2|          64|
    |i_30_fu_821_p2                 |     +    |      0|  0|   11|           3|           1|
    |i_31_fu_837_p2                 |     +    |      0|  0|   11|           3|           1|
    |i_32_fu_858_p2                 |     +    |      0|  0|   11|           3|           1|
    |i_33_fu_874_p2                 |     +    |      0|  0|   11|           3|           1|
    |i_34_fu_890_p2                 |     +    |      0|  0|   11|           3|           1|
    |i_35_fu_901_p2                 |     +    |      0|  0|   19|          12|           1|
    |i_36_fu_933_p2                 |     +    |      0|  0|   71|          64|           1|
    |i_37_fu_1005_p2                |     +    |      0|  0|   71|           1|          64|
    |indvar_flatten_next_fu_986_p2  |     +    |      0|  0|  135|         128|           1|
    |j_7_fu_922_p2                  |     +    |      0|  0|   11|           3|           1|
    |j_8_fu_961_p2                  |     +    |      0|  0|   11|           3|           1|
    |j_9_fu_1073_p2                 |     +    |      0|  0|   71|          64|           1|
    |j_fu_852_p2                    |     +    |      0|  0|   71|          64|           1|
    |k_2_fu_1044_p2                 |     +    |      0|  0|   71|          64|           1|
    |sum3_fu_1064_p2                |     +    |      0|  0|   19|          12|          12|
    |sum9_fu_971_p2                 |     +    |      0|  0|   19|          12|          12|
    |sum_fu_1054_p2                 |     +    |      0|  0|   19|          12|          12|
    |exitcond10_fu_917_p2           |   icmp   |      0|  0|   29|          64|          64|
    |exitcond11_fu_885_p2           |   icmp   |      0|  0|   29|          64|          64|
    |exitcond12_fu_869_p2           |   icmp   |      0|  0|   29|          64|          64|
    |exitcond13_fu_707_p2           |   icmp   |      0|  0|   29|          64|          64|
    |exitcond14_fu_816_p2           |   icmp   |      0|  0|   29|          64|          64|
    |exitcond15_fu_743_p2           |   icmp   |      0|  0|   29|          64|          64|
    |exitcond4_fu_928_p2            |   icmp   |      0|  0|   29|          64|          64|
    |exitcond5_fu_896_p2            |   icmp   |      0|  0|   13|          12|          12|
    |exitcond9_fu_956_p2            |   icmp   |      0|  0|   29|          64|          64|
    |exitcond_flatten_fu_981_p2     |   icmp   |      0|  0|   50|         128|         128|
    |exitcond_fu_1039_p2            |   icmp   |      0|  0|   29|          64|          64|
    |tmp_18_fu_718_p2               |   icmp   |      0|  0|   29|          64|          64|
    |tmp_20_fu_832_p2               |   icmp   |      0|  0|   29|          64|          64|
    |tmp_21_fu_847_p2               |   icmp   |      0|  0|   29|          64|          64|
    |tmp_50_fu_992_p2               |   icmp   |      0|  0|   29|          64|          64|
    |tmp_fu_754_p2                  |   icmp   |      0|  0|   29|          64|           1|
    |j_mid2_fu_997_p3               |  select  |      0|  0|   64|           1|          64|
    |tmp_25_mid2_v_v_fu_1011_p3     |  select  |      0|  0|   64|           1|          64|
    |ap_enable_pp0                  |    xor   |      0|  0|    2|           1|           2|
    |ap_enable_pp2                  |    xor   |      0|  0|    2|           1|           2|
    |ap_enable_pp3                  |    xor   |      0|  0|    2|           1|           2|
    |ap_enable_pp4                  |    xor   |      0|  0|    2|           1|           2|
    |ap_enable_pp5                  |    xor   |      0|  0|    2|           1|           2|
    |ap_enable_pp6                  |    xor   |      0|  0|    2|           1|           2|
    |ap_enable_pp7                  |    xor   |      0|  0|    2|           1|           2|
    |ap_enable_reg_pp0_iter1        |    xor   |      0|  0|    2|           2|           1|
    |ap_enable_reg_pp2_iter1        |    xor   |      0|  0|    2|           2|           1|
    |ap_enable_reg_pp3_iter1        |    xor   |      0|  0|    2|           2|           1|
    |ap_enable_reg_pp4_iter1        |    xor   |      0|  0|    2|           2|           1|
    |ap_enable_reg_pp5_iter1        |    xor   |      0|  0|    2|           2|           1|
    |ap_enable_reg_pp6_iter1        |    xor   |      0|  0|    2|           2|           1|
    |ap_enable_reg_pp7_iter1        |    xor   |      0|  0|    2|           2|           1|
    +-------------------------------+----------+-------+---+-----+------------+------------+
    |Total                          |          |     10|  0| 1679|        1837|        1370|
    +-------------------------------+----------+-------+---+-----+------------+------------+

    * Multiplexer: 
    +---------------------------------+-----+-----------+-----+-----------+
    |               Name              | LUT | Input Size| Bits| Total Bits|
    +---------------------------------+-----+-----------+-----+-----------+
    |Ar_shape_address0                |   21|          4|    3|         12|
    |Ar_shape_ce0                     |   15|          3|    1|          3|
    |Asub_address0                    |   27|          5|    3|         15|
    |Asub_ce0                         |   21|          4|    1|          4|
    |Asub_d0                          |   15|          3|   64|        192|
    |Asub_we0                         |   15|          3|    1|          3|
    |B_shape_address0                 |   21|          4|    3|         12|
    |B_shape_ce0                      |   15|          3|    1|          3|
    |Bsub_address0                    |   27|          5|    3|         15|
    |Bsub_ce0                         |   21|          4|    1|          4|
    |Bsub_d0                          |   15|          3|   64|        192|
    |Bsub_we0                         |   15|          3|    1|          3|
    |C_array_address0                 |   15|          3|   12|         36|
    |C_array_d0                       |   15|          3|   32|         96|
    |ap_NS_fsm                        |  433|         98|    1|         98|
    |ap_enable_reg_pp0_iter1          |   15|          3|    1|          3|
    |ap_enable_reg_pp2_iter1          |   15|          3|    1|          3|
    |ap_enable_reg_pp3_iter1          |    9|          2|    1|          2|
    |ap_enable_reg_pp3_iter2          |    9|          2|    1|          2|
    |ap_enable_reg_pp4_iter1          |    9|          2|    1|          2|
    |ap_enable_reg_pp4_iter2          |    9|          2|    1|          2|
    |ap_enable_reg_pp5_iter1          |    9|          2|    1|          2|
    |ap_enable_reg_pp5_iter2          |    9|          2|    1|          2|
    |ap_enable_reg_pp6_iter1          |    9|          2|    1|          2|
    |ap_enable_reg_pp6_iter2          |    9|          2|    1|          2|
    |ap_enable_reg_pp7_iter1          |   15|          3|    1|          3|
    |ap_phi_mux_k_phi_fu_662_p4       |    9|          2|   64|        128|
    |count_2_fu_140                   |    9|          2|   64|        128|
    |count_fu_104                     |    9|          2|   64|        128|
    |freeA_address0                   |   15|          3|    3|          9|
    |freeB_address0                   |   15|          3|    3|          9|
    |fwork_address0                   |   21|          4|   11|         44|
    |fwork_d0                         |   15|          3|   32|         96|
    |grp_k2c_idx2sub_fu_669_idx       |   15|          3|   64|        192|
    |grp_k2c_idx2sub_fu_669_ndim      |   15|          3|   64|        192|
    |grp_k2c_idx2sub_fu_669_shape_q0  |   15|          3|   64|        192|
    |grp_k2c_sub2idx_fu_680_ndim      |   15|          3|   64|        192|
    |grp_k2c_sub2idx_fu_680_shape_q0  |   15|          3|   64|        192|
    |grp_k2c_sub2idx_fu_680_sub_q0    |   15|          3|   64|        192|
    |i_10_reg_567                     |    9|          2|   12|         24|
    |i_11_reg_589                     |    9|          2|   64|        128|
    |i_1_reg_490                      |    9|          2|   64|        128|
    |i_4_reg_502                      |    9|          2|    3|          6|
    |i_5_reg_513                      |    9|          2|    3|          6|
    |i_7_reg_522                      |    9|          2|    3|          6|
    |i_8_reg_545                      |    9|          2|    3|          6|
    |i_9_reg_556                      |    9|          2|    3|          6|
    |i_reg_478                        |    9|          2|   64|        128|
    |i_s_reg_624                      |    9|          2|   64|        128|
    |indvar_flatten_reg_613           |    9|          2|  128|        256|
    |j_3_reg_533                      |    9|          2|   64|        128|
    |j_4_reg_578                      |    9|          2|    3|          6|
    |j_5_reg_602                      |    9|          2|    3|          6|
    |j_s_reg_635                      |    9|          2|   64|        128|
    |k_reg_658                        |    9|          2|   64|        128|
    |newshpA_address0                 |   15|          3|    3|          9|
    |newshpA_ce0                      |   15|          3|    1|          3|
    |newshpB_address0                 |   15|          3|    3|          9|
    |newshpB_ce0                      |   15|          3|    1|          3|
    |permA_address0                   |   27|          5|    3|         15|
    |permA_d0                         |   15|          3|   64|        192|
    |permB_address0                   |   27|          5|    3|         15|
    |permB_d0                         |   15|          3|   64|        192|
    |tmp_s_reg_646                    |    9|          2|   32|         64|
    +---------------------------------+-----+-----------+-----+-----------+
    |Total                            | 1288|        272| 1610|       4127|
    +---------------------------------+-----+-----------+-----+-----------+

    * Register: 
    +-------------------------------------+-----+----+-----+-----------+
    |                 Name                |  FF | LUT| Bits| Const Bits|
    +-------------------------------------+-----+----+-----+-----------+
    |Ar_numel_read_cast_reg_1147          |   12|   0|   64|         52|
    |Ar_shape_load_reg_1196               |   64|   0|   64|          0|
    |C_array_addr_reg_1451                |   12|   0|   12|          0|
    |ap_CS_fsm                            |   97|   0|   97|          0|
    |ap_enable_reg_pp0_iter0              |    1|   0|    1|          0|
    |ap_enable_reg_pp0_iter1              |    1|   0|    1|          0|
    |ap_enable_reg_pp2_iter0              |    1|   0|    1|          0|
    |ap_enable_reg_pp2_iter1              |    1|   0|    1|          0|
    |ap_enable_reg_pp3_iter0              |    1|   0|    1|          0|
    |ap_enable_reg_pp3_iter1              |    1|   0|    1|          0|
    |ap_enable_reg_pp3_iter2              |    1|   0|    1|          0|
    |ap_enable_reg_pp4_iter0              |    1|   0|    1|          0|
    |ap_enable_reg_pp4_iter1              |    1|   0|    1|          0|
    |ap_enable_reg_pp4_iter2              |    1|   0|    1|          0|
    |ap_enable_reg_pp5_iter0              |    1|   0|    1|          0|
    |ap_enable_reg_pp5_iter1              |    1|   0|    1|          0|
    |ap_enable_reg_pp5_iter2              |    1|   0|    1|          0|
    |ap_enable_reg_pp6_iter0              |    1|   0|    1|          0|
    |ap_enable_reg_pp6_iter1              |    1|   0|    1|          0|
    |ap_enable_reg_pp6_iter2              |    1|   0|    1|          0|
    |ap_enable_reg_pp7_iter0              |    1|   0|    1|          0|
    |ap_enable_reg_pp7_iter1              |    1|   0|    1|          0|
    |bound_reg_1388                       |  128|   0|  128|          0|
    |count_2_fu_140                       |   64|   0|   64|          0|
    |count_fu_104                         |   64|   0|   64|          0|
    |exitcond10_reg_1356                  |    1|   0|    1|          0|
    |exitcond10_reg_1356_pp5_iter1_reg    |    1|   0|    1|          0|
    |exitcond11_reg_1318                  |    1|   0|    1|          0|
    |exitcond11_reg_1318_pp4_iter1_reg    |    1|   0|    1|          0|
    |exitcond12_reg_1294                  |    1|   0|    1|          0|
    |exitcond12_reg_1294_pp3_iter1_reg    |    1|   0|    1|          0|
    |exitcond14_reg_1243                  |    1|   0|    1|          0|
    |exitcond9_reg_1398                   |    1|   0|    1|          0|
    |exitcond9_reg_1398_pp6_iter1_reg     |    1|   0|    1|          0|
    |exitcond_reg_1456                    |    1|   0|    1|          0|
    |exitcond_reg_1456_pp7_iter1_reg      |    1|   0|    1|          0|
    |free_axesA_reg_1207                  |   64|   0|   64|          0|
    |free_axesB_reg_1212                  |   64|   0|   64|          0|
    |fwork_load_2_reg_1480                |   32|   0|   32|          0|
    |fwork_load_reg_1475                  |   32|   0|   32|          0|
    |grp_k2c_idx2sub_fu_669_ap_start_reg  |    1|   0|    1|          0|
    |grp_k2c_sub2idx_fu_680_ap_start_reg  |    1|   0|    1|          0|
    |i_10_cast6_reg_1345                  |   12|   0|   64|         52|
    |i_10_reg_567                         |   12|   0|   12|          0|
    |i_11_reg_589                         |   64|   0|   64|          0|
    |i_1_reg_490                          |   64|   0|   64|          0|
    |i_29_cast_reg_1233                   |    3|   0|    3|          0|
    |i_29_reg_1228                        |   64|   0|   64|          0|
    |i_35_reg_1340                        |   12|   0|   12|          0|
    |i_36_reg_1383                        |   64|   0|   64|          0|
    |i_4_cast_reg_1238                    |    3|   0|   64|         61|
    |i_4_reg_502                          |    3|   0|    3|          0|
    |i_5_reg_513                          |    3|   0|    3|          0|
    |i_7_cast_reg_1265                    |    3|   0|   64|         61|
    |i_7_reg_522                          |    3|   0|    3|          0|
    |i_8_cast_reg_1289                    |    3|   0|   64|         61|
    |i_8_cast_reg_1289_pp3_iter1_reg      |    3|   0|   64|         61|
    |i_8_reg_545                          |    3|   0|    3|          0|
    |i_9_cast_reg_1313                    |    3|   0|   64|         61|
    |i_9_cast_reg_1313_pp4_iter1_reg      |    3|   0|   64|         61|
    |i_9_reg_556                          |    3|   0|    3|          0|
    |i_reg_478                            |   64|   0|   64|          0|
    |i_s_reg_624                          |   64|   0|   64|          0|
    |indvar_flatten_next_reg_1426         |  128|   0|  128|          0|
    |indvar_flatten_reg_613               |  128|   0|  128|          0|
    |j_3_reg_533                          |   64|   0|   64|          0|
    |j_4_cast_reg_1351                    |    3|   0|   64|         61|
    |j_4_cast_reg_1351_pp5_iter1_reg      |    3|   0|   64|         61|
    |j_4_reg_578                          |    3|   0|    3|          0|
    |j_5_cast_reg_1393                    |    3|   0|   64|         61|
    |j_5_cast_reg_1393_pp6_iter1_reg      |    3|   0|   64|         61|
    |j_5_reg_602                          |    3|   0|    3|          0|
    |j_mid2_reg_1431                      |   64|   0|   64|          0|
    |j_s_reg_635                          |   64|   0|   64|          0|
    |k_2_reg_1460                         |   64|   0|   64|          0|
    |k_reg_658                            |   64|   0|   64|          0|
    |tmp_21_reg_1270                      |    1|   0|    1|          0|
    |tmp_25_mid2_v_v_reg_1436             |   64|   0|   64|          0|
    |tmp_26_mid2_reg_1441                 |   12|   0|   12|          0|
    |tmp_31_reg_1485                      |   32|   0|   32|          0|
    |tmp_53_reg_1202                      |   12|   0|   12|          0|
    |tmp_54_reg_1218                      |   12|   0|   12|          0|
    |tmp_55_reg_1223                      |   13|   0|   13|          0|
    |tmp_59_reg_1446                      |   12|   0|   12|          0|
    |tmp_s_reg_646                        |   32|   0|   32|          0|
    +-------------------------------------+-----+----+-----+-----------+
    |Total                                | 1904|   0| 2618|        714|
    +-------------------------------------+-----+----+-----+-----------+



================================================================
== Interface
================================================================
* Summary: 
+-------------------+-----+-----+------------+---------------+--------------+
|     RTL Ports     | Dir | Bits|  Protocol  | Source Object |    C Type    |
+-------------------+-----+-----+------------+---------------+--------------+
|ap_clk             |  in |    1| ap_ctrl_hs |    k2c_dot    | return value |
|ap_rst             |  in |    1| ap_ctrl_hs |    k2c_dot    | return value |
|ap_start           |  in |    1| ap_ctrl_hs |    k2c_dot    | return value |
|ap_done            | out |    1| ap_ctrl_hs |    k2c_dot    | return value |
|ap_idle            | out |    1| ap_ctrl_hs |    k2c_dot    | return value |
|ap_ready           | out |    1| ap_ctrl_hs |    k2c_dot    | return value |
|C_array_address0   | out |   12|  ap_memory |    C_array    |     array    |
|C_array_ce0        | out |    1|  ap_memory |    C_array    |     array    |
|C_array_we0        | out |    1|  ap_memory |    C_array    |     array    |
|C_array_d0         | out |   32|  ap_memory |    C_array    |     array    |
|Ar_array_address0  | out |   12|  ap_memory |    Ar_array   |     array    |
|Ar_array_ce0       | out |    1|  ap_memory |    Ar_array   |     array    |
|Ar_array_q0        |  in |   32|  ap_memory |    Ar_array   |     array    |
|Ar_ndim_read       |  in |   64|   ap_none  |  Ar_ndim_read |    scalar    |
|Ar_numel_read      |  in |   12|   ap_none  | Ar_numel_read |    scalar    |
|Ar_shape_address0  | out |    3|  ap_memory |    Ar_shape   |     array    |
|Ar_shape_ce0       | out |    1|  ap_memory |    Ar_shape   |     array    |
|Ar_shape_q0        |  in |   64|  ap_memory |    Ar_shape   |     array    |
|B_array_address0   | out |   19|  ap_memory |    B_array    |     array    |
|B_array_ce0        | out |    1|  ap_memory |    B_array    |     array    |
|B_array_q0         |  in |   32|  ap_memory |    B_array    |     array    |
|B_ndim_read        |  in |   64|   ap_none  |  B_ndim_read  |    scalar    |
|B_numel_read       |  in |   64|   ap_none  |  B_numel_read |    scalar    |
|B_shape_address0   | out |    3|  ap_memory |    B_shape    |     array    |
|B_shape_ce0        | out |    1|  ap_memory |    B_shape    |     array    |
|B_shape_q0         |  in |   64|  ap_memory |    B_shape    |     array    |
|axesA_0_read       |  in |   64|   ap_none  |  axesA_0_read |    scalar    |
|fwork_address0     | out |   11|  ap_memory |     fwork     |     array    |
|fwork_ce0          | out |    1|  ap_memory |     fwork     |     array    |
|fwork_we0          | out |    1|  ap_memory |     fwork     |     array    |
|fwork_d0           | out |   32|  ap_memory |     fwork     |     array    |
|fwork_q0           |  in |   32|  ap_memory |     fwork     |     array    |
|fwork_address1     | out |   11|  ap_memory |     fwork     |     array    |
|fwork_ce1          | out |    1|  ap_memory |     fwork     |     array    |
|fwork_q1           |  in |   32|  ap_memory |     fwork     |     array    |
+-------------------+-----+-----+------------+---------------+--------------+

