

================================================================
== Vivado HLS Report for 'k2c_bias_add'
================================================================
* Date:           Sun Apr 21 02:42:41 2024

* Version:        2018.2 (Build 2258646 on Thu Jun 14 20:25:20 MDT 2018)
* Project:        FaceClassifier
* Solution:       solution1
* Product family: virtexu
* Target device:  xcvu160-flgc2104-2-e


================================================================
== Performance Estimates
================================================================
+ Timing (ns): 
    * Summary: 
    +--------+-------+----------+------------+
    |  Clock | Target| Estimated| Uncertainty|
    +--------+-------+----------+------------+
    |ap_clk  |  10.00|     8.539|        1.25|
    +--------+-------+----------+------------+

+ Latency (clock cycles): 
    * Summary: 
    +-----+----------+-----+----------+---------+
    |     Latency    |    Interval    | Pipeline|
    | min |    max   | min |    max   |   Type  |
    +-----+----------+-----+----------+---------+
    |    8|  34379665|    8|  34379665|   none  |
    +-----+----------+-----+----------+---------+

    + Detail: 
        * Instance: 
        N/A

        * Loop: 
        +-------------+-----+----------+-----------+-----------+-----------+----------+----------+
        |             |     Latency    | Iteration |  Initiation Interval  |   Trip   |          |
        |  Loop Name  | min |    max   |  Latency  |  achieved |   target  |   Count  | Pipelined|
        +-------------+-----+----------+-----------+-----------+-----------+----------+----------+
        |- Loop 1     |    7|  34379664| 7 ~ 13112 |          -|          -| 1 ~ 2622 |    no    |
        | + Loop 1.1  |    5|     13110|          5|          -|          -| 1 ~ 2622 |    no    |
        +-------------+-----+----------+-----------+-----------+-----------+----------+----------+



================================================================
== Utilization Estimates
================================================================
* Summary: 
+---------------------+---------+-------+---------+--------+
|         Name        | BRAM_18K| DSP48E|    FF   |   LUT  |
+---------------------+---------+-------+---------+--------+
|DSP                  |        -|      -|        -|       -|
|Expression           |        -|      -|        0|     220|
|FIFO                 |        -|      -|        -|       -|
|Instance             |        -|      2|      227|     214|
|Memory               |        -|      -|        -|       -|
|Multiplexer          |        -|      -|        -|      74|
|Register             |        -|      -|      224|       -|
+---------------------+---------+-------+---------+--------+
|Total                |        0|      2|      451|     508|
+---------------------+---------+-------+---------+--------+
|Available SLR        |     2184|    520|   617600|  308800|
+---------------------+---------+-------+---------+--------+
|Utilization SLR (%)  |        0|   ~0  |    ~0   |   ~0   |
+---------------------+---------+-------+---------+--------+
|Available            |     6552|   1560|  1852800|  926400|
+---------------------+---------+-------+---------+--------+
|Utilization (%)      |        0|   ~0  |    ~0   |   ~0   |
+---------------------+---------+-------+---------+--------+

+ Detail: 
    * Instance: 
    +--------------------------+----------------------+---------+-------+-----+-----+
    |         Instance         |        Module        | BRAM_18K| DSP48E|  FF | LUT |
    +--------------------------+----------------------+---------+-------+-----+-----+
    |face_classifier_cdEe_U33  |face_classifier_cdEe  |        0|      2|  227|  214|
    +--------------------------+----------------------+---------+-------+-----+-----+
    |Total                     |                      |        0|      2|  227|  214|
    +--------------------------+----------------------+---------+-------+-----+-----+

    * DSP48: 
    N/A

    * Memory: 
    N/A

    * FIFO: 
    N/A

    * Expression: 
    +--------------------+----------+-------+---+----+------------+------------+
    |    Variable Name   | Operation| DSP48E| FF| LUT| Bitwidth P0| Bitwidth P1|
    +--------------------+----------+-------+---+----+------------+------------+
    |i_38_fu_141_p2      |     +    |      0|  0|  71|          64|          64|
    |j_13_fu_125_p2      |     +    |      0|  0|  71|           1|          64|
    |tmp_s_fu_131_p2     |     +    |      0|  0|  20|          13|          13|
    |exitcond_fu_120_p2  |   icmp   |      0|  0|  29|          64|          64|
    |tmp_fu_107_p2       |   icmp   |      0|  0|  29|          64|          64|
    +--------------------+----------+-------+---+----+------------+------------+
    |Total               |          |      0|  0| 220|         206|         269|
    +--------------------+----------+-------+---+----+------------+------------+

    * Multiplexer: 
    +------------------+----+-----------+-----+-----------+
    |       Name       | LUT| Input Size| Bits| Total Bits|
    +------------------+----+-----------+-----+-----------+
    |A_array_address0  |  15|          3|   12|         36|
    |ap_NS_fsm         |  41|          8|    1|          8|
    |i_reg_76          |   9|          2|   64|        128|
    |j_reg_88          |   9|          2|   64|        128|
    +------------------+----+-----------+-----+-----------+
    |Total             |  74|         15|  141|        300|
    +------------------+----+-----------+-----+-----------+

    * Register: 
    +----------------------+----+----+-----+-----------+
    |         Name         | FF | LUT| Bits| Const Bits|
    +----------------------+----+----+-----+-----------+
    |A_array_addr_reg_178  |  12|   0|   12|          0|
    |ap_CS_fsm             |   7|   0|    7|          0|
    |i_reg_76              |  64|   0|   64|          0|
    |j_13_reg_168          |  64|   0|   64|          0|
    |j_reg_88              |  64|   0|   64|          0|
    |tmp_88_reg_160        |  13|   0|   13|          0|
    +----------------------+----+----+-----+-----------+
    |Total                 | 224|   0|  224|          0|
    +----------------------+----+----+-----+-----------+



================================================================
== Interface
================================================================
* Summary: 
+------------------+-----+-----+------------+--------------+--------------+
|     RTL Ports    | Dir | Bits|  Protocol  | Source Object|    C Type    |
+------------------+-----+-----+------------+--------------+--------------+
|ap_clk            |  in |    1| ap_ctrl_hs | k2c_bias_add | return value |
|ap_rst            |  in |    1| ap_ctrl_hs | k2c_bias_add | return value |
|ap_start          |  in |    1| ap_ctrl_hs | k2c_bias_add | return value |
|ap_done           | out |    1| ap_ctrl_hs | k2c_bias_add | return value |
|ap_idle           | out |    1| ap_ctrl_hs | k2c_bias_add | return value |
|ap_ready          | out |    1| ap_ctrl_hs | k2c_bias_add | return value |
|A_array_address0  | out |   12|  ap_memory |    A_array   |     array    |
|A_array_ce0       | out |    1|  ap_memory |    A_array   |     array    |
|A_array_we0       | out |    1|  ap_memory |    A_array   |     array    |
|A_array_d0        | out |   32|  ap_memory |    A_array   |     array    |
|A_array_q0        |  in |   32|  ap_memory |    A_array   |     array    |
|A_numel_read      |  in |   64|   ap_none  | A_numel_read |    scalar    |
|b_array_address0  | out |   12|  ap_memory |    b_array   |     array    |
|b_array_ce0       | out |    1|  ap_memory |    b_array   |     array    |
|b_array_q0        |  in |   32|  ap_memory |    b_array   |     array    |
|b_numel_read      |  in |   64|   ap_none  | b_numel_read |    scalar    |
+------------------+-----+-----+------------+--------------+--------------+

