

================================================================
== Vivado HLS Report for 'exp_generic_double_s'
================================================================
* Date:           Sun Apr 21 15:05:22 2024

* Version:        2018.2 (Build 2258646 on Thu Jun 14 20:25:20 MDT 2018)
* Project:        FaceClassifier
* Solution:       solution1
* Product family: virtexu
* Target device:  xcvu190-flgb2104-1-i


================================================================
== Performance Estimates
================================================================
+ Timing (ns): 
    * Summary: 
    +--------+-------+----------+------------+
    |  Clock | Target| Estimated| Uncertainty|
    +--------+-------+----------+------------+
    |ap_clk  |  10.00|     8.603|        1.25|
    +--------+-------+----------+------------+

+ Latency (clock cycles): 
    * Summary: 
    +-----+-----+-----+-----+----------+
    |  Latency  |  Interval | Pipeline |
    | min | max | min | max |   Type   |
    +-----+-----+-----+-----+----------+
    |    9|    9|    1|    1| function |
    +-----+-----+-----+-----+----------+

    + Detail: 
        * Instance: 
        N/A

        * Loop: 
        N/A



================================================================
== Utilization Estimates
================================================================
* Summary: 
+---------------------+---------+-------+---------+---------+
|         Name        | BRAM_18K| DSP48E|    FF   |   LUT   |
+---------------------+---------+-------+---------+---------+
|DSP                  |        -|      1|        -|        -|
|Expression           |        -|     33|        0|     2399|
|FIFO                 |        -|      -|        -|        -|
|Instance             |        -|      -|        -|        -|
|Memory               |        5|      -|        0|        0|
|Multiplexer          |        -|      -|        -|        -|
|Register             |        0|      -|     1512|      288|
+---------------------+---------+-------+---------+---------+
|Total                |        5|     34|     1512|     2687|
+---------------------+---------+-------+---------+---------+
|Available SLR        |     2520|    600|   716160|   358080|
+---------------------+---------+-------+---------+---------+
|Utilization SLR (%)  |    ~0   |      5|    ~0   |    ~0   |
+---------------------+---------+-------+---------+---------+
|Available            |     7560|   1800|  2148480|  1074240|
+---------------------+---------+-------+---------+---------+
|Utilization (%)      |    ~0   |      1|    ~0   |    ~0   |
+---------------------+---------+-------+---------+---------+

+ Detail: 
    * Instance: 
    N/A

    * DSP48: 
    +--------------------------+----------------------+--------------+
    |         Instance         |        Module        |  Expression  |
    +--------------------------+----------------------+--------------+
    |face_classifier_cqcK_U65  |face_classifier_cqcK  | i0 * i1 + i2 |
    +--------------------------+----------------------+--------------+

    * Memory: 
    +------------------------+----------------------+---------+---+----+------+-----+------+-------------+
    |         Memory         |        Module        | BRAM_18K| FF| LUT| Words| Bits| Banks| W*Bits*Banks|
    +------------------------+----------------------+---------+---+----+------+-----+------+-------------+
    |table_exp_Z1_array_s_U  |exp_generic_doublncg  |        2|  0|   0|   256|   58|     1|        14848|
    |table_f_Z3_array_V_U    |exp_generic_doublocq  |        1|  0|   0|   256|   26|     1|         6656|
    |table_f_Z2_array_V_U    |exp_generic_doublpcA  |        2|  0|   0|   256|   42|     1|        10752|
    +------------------------+----------------------+---------+---+----+------+-----+------+-------------+
    |Total                   |                      |        5|  0|   0|   768|  126|     3|        32256|
    +------------------------+----------------------+---------+---+----+------+-----+------+-------------+

    * FIFO: 
    N/A

    * Expression: 
    +-------------------------------+----------+-------+---+-----+------------+------------+
    |         Variable Name         | Operation| DSP48E| FF| LUT | Bitwidth P0| Bitwidth P1|
    +-------------------------------+----------+-------+---+-----+------------+------------+
    |p_Val2_13_fu_836_p2            |     *    |      6|  0|   21|          50|          50|
    |p_Val2_18_fu_691_p2            |     *    |      6|  0|   22|          36|          43|
    |p_Val2_23_fu_761_p2            |     *    |      6|  0|   20|          44|          49|
    |p_Val2_9_fu_563_p2             |     *    |     15|  0|   70|          71|          13|
    |m_exp_fu_319_p2                |     +    |      0|  0|   19|          11|          12|
    |out_exp_V_fu_956_p2            |     +    |      0|  0|   18|          10|          11|
    |p_Val2_12_fu_854_p2            |     +    |      0|  0|   66|           5|          59|
    |p_Val2_14_fu_871_p2            |     +    |      0|  0|  115|         108|         108|
    |p_Val2_20_fu_730_p2            |     +    |      0|  0|   51|          44|          44|
    |p_Val2_24_fu_813_p2            |     +    |      0|  0|   59|          52|          52|
    |r_V_1_fu_665_p2                |     +    |      0|  0|   43|          36|          36|
    |r_exp_V_fu_885_p2              |     +    |      0|  0|   20|           2|          13|
    |tmp16_fu_781_p2                |     +    |      0|  0|   51|          44|          44|
    |tmp_30_fu_517_p2               |     +    |      0|  0|   20|           1|          13|
    |tmp_fu_721_p2                  |     +    |      0|  0|   43|          36|          36|
    |p_Val2_7_fu_593_p2             |     -    |      0|  0|   80|          73|          73|
    |p_Val2_s_78_fu_333_p2          |     -    |      0|  0|   61|           1|          54|
    |tmp_s_fu_355_p2                |     -    |      0|  0|   18|          10|          11|
    |ap_block_pp0_stage0_11001      |    and   |      0|  0|    2|           1|           1|
    |not_demorgan_fu_297_p2         |    and   |      0|  0|    2|           1|           1|
    |sel_tmp11_fu_1055_p2           |    and   |      0|  0|    2|           1|           1|
    |sel_tmp13_fu_1072_p2           |    and   |      0|  0|    2|           1|           1|
    |sel_tmp2_fu_983_p2             |    and   |      0|  0|    2|           1|           1|
    |sel_tmp4_fu_1016_p2            |    and   |      0|  0|    2|           1|           1|
    |sel_tmp6_fu_1027_p2            |    and   |      0|  0|    2|           1|           1|
    |sel_tmp7_fu_988_p2             |    and   |      0|  0|    2|           1|           1|
    |sel_tmp9_fu_1037_p2            |    and   |      0|  0|    2|           1|           1|
    |tmp17_fu_977_p2                |    and   |      0|  0|    2|           1|           1|
    |tmp18_fu_1010_p2               |    and   |      0|  0|    2|           1|           1|
    |tmp19_fu_1049_p2               |    and   |      0|  0|    2|           1|           1|
    |tmp20_fu_1061_p2               |    and   |      0|  0|    2|           1|           1|
    |tmp21_fu_1094_p2               |    and   |      0|  0|    2|           1|           1|
    |tmp_49_fu_1153_p2              |    and   |      0|  0|    2|           1|           1|
    |tmp_56_i_fu_309_p2             |    and   |      0|  0|    2|           1|           1|
    |x_is_ninf_fu_847_p2            |    and   |      0|  0|    2|           1|           1|
    |tmp_92_fu_409_p2               |   ashr   |      0|  0|  176|          61|          61|
    |tmp_97_fu_452_p2               |   ashr   |      0|  0|  182|          64|          64|
    |icmp_fu_907_p2                 |   icmp   |      0|  0|    9|           3|           1|
    |tmp_100_fu_511_p2              |   icmp   |      0|  0|   20|          18|           1|
    |tmp_108_fu_373_p2              |   icmp   |      0|  0|   13|          12|           1|
    |tmp_109_fu_554_p2              |   icmp   |      0|  0|   49|          71|          71|
    |tmp_110_fu_918_p2              |   icmp   |      0|  0|   13|          13|          11|
    |tmp_i1_fu_303_p2               |   icmp   |      0|  0|   28|          52|           1|
    |tmp_i_77_fu_291_p2             |   icmp   |      0|  0|   28|          52|           1|
    |tmp_i_fu_285_p2                |   icmp   |      0|  0|   13|          11|           2|
    |or_cond_fu_913_p2              |    or    |      0|  0|    2|           1|           1|
    |sel_tmp10_fu_1043_p2           |    or    |      0|  0|    2|           1|           1|
    |sel_tmp15_fu_1088_p2           |    or    |      0|  0|    2|           1|           1|
    |sel_tmp16_fu_1147_p2           |    or    |      0|  0|    2|           1|           1|
    |sel_tmp44_demorgan_fu_1077_p2  |    or    |      0|  0|    2|           1|           1|
    |sel_tmp_fu_999_p2              |    or    |      0|  0|    2|           1|           1|
    |tmp_44_fu_1112_p2              |    or    |      0|  0|    2|           1|           1|
    |tmp_47_fu_1133_p2              |    or    |      0|  0|    2|           1|           1|
    |ap_return                      |  select  |      0|  0|   64|           1|           1|
    |loc_V_4_fu_944_p3              |  select  |      0|  0|   52|           1|          52|
    |p_Val2_1_fu_339_p3             |  select  |      0|  0|   54|           1|          54|
    |p_Val2_3_fu_425_p3             |  select  |      0|  0|   71|           1|          71|
    |r_exp_V_2_fu_890_p3            |  select  |      0|  0|   13|           1|          13|
    |r_exp_V_3_fu_531_p3            |  select  |      0|  0|   13|           1|          13|
    |sh_assign_1_fu_365_p3          |  select  |      0|  0|   12|           1|          12|
    |tmp_11_fu_539_p3               |  select  |      0|  0|   64|           1|          64|
    |tmp_31_fu_523_p3               |  select  |      0|  0|   13|           1|          13|
    |tmp_43_fu_1104_p3              |  select  |      0|  0|   63|           1|          63|
    |tmp_45_fu_1117_p3              |  select  |      0|  0|   64|           1|          64|
    |tmp_46_fu_1125_p3              |  select  |      0|  0|   63|           1|          63|
    |tmp_48_fu_1139_p3              |  select  |      0|  0|   64|           1|          64|
    |tmp_93_fu_419_p2               |    shl   |      0|  0|  211|          71|          71|
    |tmp_96_fu_446_p2               |    shl   |      0|  0|  182|          64|          64|
    |ap_enable_pp0                  |    xor   |      0|  0|    2|           1|           2|
    |not_Result_i4_fu_842_p2        |    xor   |      0|  0|    2|           1|           2|
    |sel_tmp12_fu_1066_p2           |    xor   |      0|  0|    2|           1|           2|
    |sel_tmp14_fu_1082_p2           |    xor   |      0|  0|    2|           1|           2|
    |sel_tmp1_fu_972_p2             |    xor   |      0|  0|    2|           1|           2|
    |sel_tmp3_fu_1004_p2            |    xor   |      0|  0|    2|           1|           2|
    |sel_tmp5_fu_1022_p2            |    xor   |      0|  0|    2|           1|           2|
    |sel_tmp8_fu_1032_p2            |    xor   |      0|  0|    2|           1|           2|
    |tmp_56_i_not_fu_994_p2         |    xor   |      0|  0|    2|           1|           2|
    +-------------------------------+----------+-------+---+-----+------------+------------+
    |Total                          |          |     33|  0| 2399|        1173|        1660|
    +-------------------------------+----------+-------+---+-----+------------+------------+

    * Multiplexer: 
    N/A

    * Register: 
    +----------------------------------+-----+----+-----+-----------+
    |               Name               |  FF | LUT| Bits| Const Bits|
    +----------------------------------+-----+----+-----+-----------+
    |ap_CS_fsm                         |    1|   0|    1|          0|
    |ap_enable_reg_pp0_iter1           |    1|   0|    1|          0|
    |ap_enable_reg_pp0_iter2           |    1|   0|    1|          0|
    |ap_enable_reg_pp0_iter3           |    1|   0|    1|          0|
    |ap_enable_reg_pp0_iter4           |    1|   0|    1|          0|
    |ap_enable_reg_pp0_iter5           |    1|   0|    1|          0|
    |ap_enable_reg_pp0_iter6           |    1|   0|    1|          0|
    |ap_enable_reg_pp0_iter7           |    1|   0|    1|          0|
    |ap_enable_reg_pp0_iter8           |    1|   0|    1|          0|
    |ap_enable_reg_pp0_iter9           |    1|   0|    1|          0|
    |isNeg_reg_1203                    |    1|   0|    1|          0|
    |m_diff_hi_V_reg_1250              |    8|   0|    8|          0|
    |not_demorgan_reg_1185             |    1|   0|    1|          0|
    |p_Result_s_reg_1178               |    1|   0|    1|          0|
    |p_Val2_11_reg_1268                |   35|   0|   35|          0|
    |p_Val2_13_reg_1336                |  100|   0|  100|          0|
    |p_Val2_17_reg_1262                |    8|   0|    8|          0|
    |p_Val2_17_reg_1262_pp0_iter4_reg  |    8|   0|    8|          0|
    |p_Val2_1_reg_1198                 |   54|   0|   54|          0|
    |p_Val2_20_reg_1309                |   44|   0|   44|          0|
    |p_Val2_22_reg_1255                |    8|   0|    8|          0|
    |p_Val2_25_reg_1321                |   58|   0|   58|          0|
    |p_Val2_25_reg_1321_pp0_iter8_reg  |   58|   0|   58|          0|
    |p_Val2_3_reg_1228                 |   71|   0|   71|          0|
    |p_Val2_3_reg_1228_pp0_iter2_reg   |   71|   0|   71|          0|
    |r_V_1_reg_1278                    |   36|   0|   36|          0|
    |r_V_1_reg_1278_pp0_iter5_reg      |   36|   0|   36|          0|
    |r_exp_V_3_reg_1233                |   13|   0|   13|          0|
    |sh_assign_1_reg_1209              |   12|   0|   12|          0|
    |tmp16_reg_1326                    |   44|   0|   44|          0|
    |tmp_105_reg_1331                  |   50|   0|   50|          0|
    |tmp_108_reg_1214                  |    1|   0|    1|          0|
    |tmp_109_reg_1240                  |    1|   0|    1|          0|
    |tmp_116_i_reg_1289                |   34|   0|   43|          9|
    |tmp_120_reg_1222                  |    1|   0|    1|          0|
    |tmp_12_reg_1245                   |   71|   0|   71|          0|
    |tmp_13_reg_1294                   |   20|   0|   20|          0|
    |tmp_14_reg_1315                   |   40|   0|   40|          0|
    |tmp_14_reg_1315_pp0_iter7_reg     |   40|   0|   40|          0|
    |tmp_56_i_reg_1191                 |    1|   0|    1|          0|
    |m_diff_hi_V_reg_1250              |   64|  32|    8|          0|
    |not_demorgan_reg_1185             |   64|  32|    1|          0|
    |p_Result_s_reg_1178               |   64|  32|    1|          0|
    |p_Val2_22_reg_1255                |   64|  32|    8|          0|
    |r_exp_V_3_reg_1233                |   64|  32|   13|          0|
    |tmp_108_reg_1214                  |   64|  32|    1|          0|
    |tmp_109_reg_1240                  |   64|  32|    1|          0|
    |tmp_120_reg_1222                  |   64|  32|    1|          0|
    |tmp_56_i_reg_1191                 |   64|  32|    1|          0|
    +----------------------------------+-----+----+-----+-----------+
    |Total                             | 1512| 288|  980|          9|
    +----------------------------------+-----+----+-----+-----------+



================================================================
== Interface
================================================================
* Summary: 
+-----------+-----+-----+------------+---------------------+--------------+
| RTL Ports | Dir | Bits|  Protocol  |    Source Object    |    C Type    |
+-----------+-----+-----+------------+---------------------+--------------+
|ap_clk     |  in |    1| ap_ctrl_hs | exp_generic<double> | return value |
|ap_rst     |  in |    1| ap_ctrl_hs | exp_generic<double> | return value |
|ap_start   |  in |    1| ap_ctrl_hs | exp_generic<double> | return value |
|ap_done    | out |    1| ap_ctrl_hs | exp_generic<double> | return value |
|ap_idle    | out |    1| ap_ctrl_hs | exp_generic<double> | return value |
|ap_ready   | out |    1| ap_ctrl_hs | exp_generic<double> | return value |
|ap_return  | out |   64| ap_ctrl_hs | exp_generic<double> | return value |
|x          |  in |   64|   ap_none  |          x          |    scalar    |
+-----------+-----+-----+------------+---------------------+--------------+

